// Jest Snapshot v1, https://goo.gl/fbAQLP

exports[`Rings Component should render the rings successfully 1`] = `
<mesh
  rotation={
    Euler {
      "_order": "XYZ",
      "_x": 0.3490658503988659,
      "_y": 0,
      "_z": 0,
    }
  }
>
  <planeGeometry
    height={0.0024}
    width={0.0024}
  />
  <TextureContainer
    side={2}
    textures={Array []}
    transparent={true}
  />
</mesh>
`;
