// Jest Snapshot v1, https://goo.gl/fbAQLP

exports[`SplashScreen Component render() should render the Splash Screen successfully 1`] = `
<div
  className="splash-screen splash-screen--hide"
>
  <div
    className="splash-screen__hero"
  />
  <div
    className="splash-screen__content"
  >
    <div
      className="splash-screen__loading"
    >
      <div
        className="splash-screen__loading-bar"
        style={
          Object {
            "width": "1%",
          }
        }
      />
    </div>
  </div>
</div>
`;

exports[`SplashScreen Component renderEnterButton() should render the enter button 1`] = `undefined`;

exports[`SplashScreen Component renderLoadingBar() should render the enter button 1`] = `undefined`;

exports[`SplashScreen Component renderUserPrompt() should render the enter button if percent is 100 1`] = `undefined`;

exports[`SplashScreen Component renderUserPrompt() should render the loading bar if percent is not 100 1`] = `undefined`;
