// Jest Snapshot v1, https://goo.gl/fbAQLP

exports[`Volume Component render() should render the Volume successfully 1`] = `
<div
  className="volume volume volume--muted"
>
  <div
    className="volume__bar"
  />
  <div
    className="volume__bar"
  />
  <div
    className="volume__bar"
  />
  <div
    className="volume__bar"
  />
</div>
`;
