// Jest Snapshot v1, https://goo.gl/fbAQLP

exports[`Tour Component should render the Tour component successfully 1`] = `
<div>
  <div
    className="tour tour--show"
  >
    <div
      className="tour__theater-bar tour__theater-bar--show"
      style={
        Object {
          "top": 0,
        }
      }
    />
    <div
      className="tour__labels"
    />
    <div
      className="tour__theater-bar tour__theater-bar--show"
      style={
        Object {
          "bottom": 0,
        }
      }
    >
      <span
        className="tour__skip-link"
      />
    </div>
  </div>
  <Connect(SpinLabelContainer) />
</div>
`;
