// Jest Snapshot v1, https://goo.gl/fbAQLP

exports[`Slider Component render() should successfully render the slider 1`] = `
<ReactSlider
  barClassName="slider__bar slider__bar--horizontal"
  className="slider__container slider__container--horizontal"
  defaultValue={0}
  disabled={false}
  handleActiveClassName="active"
  handleClassName="slider__handle slider__handle--horizontal"
  invert={false}
  max={100}
  min={0}
  minDistance={0}
  onChange={[Function]}
  orientation="horizontal"
  pearling={true}
  snapDragDisabled={false}
  step={1}
  value={40}
  withBars={false}
/>
`;
