// Jest Snapshot v1, https://goo.gl/fbAQLP

exports[`DatePicker Container render() should render the DatePicker component successfully 1`] = `
<DatePicker
  onClick={[Function]}
>
  <Component
    className="date-picker__picker"
    closeOnSelect={true}
    closeOnTab={true}
    dateFormat={true}
    defaultValue=""
    input={true}
    inputProps={
      Object {
        "className": "date-picker__input",
      }
    }
    onBlur={[Function]}
    onChange={[Function]}
    onFocus={[Function]}
    onViewModeChange={[Function]}
    strictParsing={true}
    timeConstraints={Object {}}
    timeFormat={true}
    utc={false}
    value={123456}
  />
</DatePicker>
`;
