// Jest Snapshot v1, https://goo.gl/fbAQLP

exports[`Tour Container getLabels() should return an array of TourLabels 1`] = `
<TourLabelContainer
  end={9000}
  start={4000}
  text="Welcome to the Solar System"
/>
`;

exports[`Tour Container getLabels() should return an array of TourLabels 2`] = `
<TourLabelContainer
  end={16000}
  start={11000}
  text="This is a real-time interactive simulation of major planetary bodies"
/>
`;

exports[`Tour Container getLabels() should return an array of TourLabels 3`] = `
<TourLabelContainer
  end={21000}
  start={18000}
  text="Let's start exploring"
/>
`;

exports[`Tour Container render() should render the tour container successfully when tour can be run 1`] = `null`;
