// Jest Snapshot v1, https://goo.gl/fbAQLP

exports[`UIControls Container render() should successfully render the ui controls container 1`] = `
<UIControls
  action={
    Object {
      "changeSpeed": [Function],
    }
  }
  changeSpeed={[Function]}
  openModal={[Function]}
  toggleSetting={[Function]}
/>
`;
