// Jest Snapshot v1, https://goo.gl/fbAQLP

exports[`No WebGL Warning Component should render the message successfully 1`] = `
<div
  className="no-webgl"
>
  <div
    className="no-webgl__body"
  >
    <span
      className="no-webgl__title"
    >
      WebGL not enabled.
    </span>
    <p>
      WebGL is required to run this experiment.
      <br />
      <a
        className="no-webgl__anchor"
        href="https://get.webgl.org/webgl2/enable.html"
        target="_blank"
      >
        Click here
      </a>
       
      Learn more.
    </p>
  </div>
</div>
`;
